// Jest Snapshot v1, https://goo.gl/fbAQLP

exports[`App mathces its snapshot 1`] = `
<h1>
  App
</h1>
`;
